// Jest Snapshot v1, https://goo.gl/fbAQLP

exports[`Test App 1`] = `
<div
  className="App"
  data-observe-resize={true}
>
  <div
    className="grid-container"
  >
    <div
      className="Navbar"
    >
      <img
        alt="logo"
        className="Logo"
        onClick={[Function]}
        src="logo192.png"
      />
      <nav
        className="Nav"
      >
        <button
          className="theme"
          id="love"
          onClick={[Function]}
        >
          üíñ
        </button>
        <button
          className="theme"
          id="whale"
          onClick={[Function]}
        >
          üêã
        </button>
        <button
          className="theme"
          id="sun"
          onClick={[Function]}
        >
          üòé
        </button>
        <button
          className="save"
          onClick={[Function]}
        >
          Lagre
        </button>
      </nav>
      <button
        className="Lion"
        onClick={[Function]}
      >
        ü¶Å
      </button>
    </div>
    <div
      className="Title"
    >
      <h1>
        Kul utstilling
      </h1>
    </div>
  </div>
  <div
    className="container"
  >
    <div
      className="wrapper"
    >
      <div>
        <div>
          <div>
            <img
              alt=""
              className="image"
              src="media/amigogrande3.jpg"
            />
          </div>
          <button
            className="imagebutton ok"
            onClick={[Function]}
          >
            Bilde
          </button>
        </div>
      </div>
    </div>
    <div
      className="wrapper"
    >
      <div>
        <div>
          <div
            className="wrap"
          >
            <div
              className="poem"
            >
               
               
            </div>
          </div>
          <div>
            <button
              className="textbutton ok"
              onClick={[Function]}
            >
               Tekst 
            </button>
          </div>
        </div>
      </div>
    </div>
  </div>
  <div
    className="framecontainer"
  >
    <div
      className="audiocontainer"
    >
      <div>
        <audio
          autoPlay={true}
          controls={true}
          src="amigolyd.mp3"
        />
      </div>
      <div
        className="audiobutton"
      >
        <button
          onClick={[Function]}
        >
          Lyd
        </button>
      </div>
    </div>
  </div>
</div>
`;
