// Jest Snapshot v1, https://goo.gl/fbAQLP

exports[`Test Header 1`] = `
<div>
  <div>
    <img
      alt=""
      className="image"
    />
  </div>
  <button>
     Bilde 
  </button>
</div>
`;
