// Jest Snapshot v1, https://goo.gl/fbAQLP

exports[`Test Header 1`] = `
<div>
  <button>
     Tekst 
  </button>
</div>
`;
